MariaDB [examc0719544]> use examc0719544;
Database changed
MariaDB [examc0719544]> show tables;
+------------------------+
| Tables_in_examc0719544 |
+------------------------+
| client                 |
| employee               |
| has_clearance          |
| package                |
| planet                 |
| shipment               |
+------------------------+
6 rows in set (0.00 sec)

MariaDB [examc0719544]> select * from client;
+---------------+-------------------+
| AccountNumber | Name              |
+---------------+-------------------+
|             1 | Zapp Brannigan    |
|             2 | Al Gore's Head    |
|             3 | Barbados Slim     |
|             4 | Ogden Wernstrom   |
|             5 | Leo Wong          |
|             6 | Lrrr              |
|             7 | John Zoidberg     |
|             8 | John Zoidfarb     |
|             9 | Morbo             |
|            10 | Judge John Whitey |
|            11 | Calculon          |
+---------------+-------------------+
11 rows in set (0.00 sec)

MariaDB [examc0719544]> select * from employee;
+------------+--------------------------+--------------+--------+-------------------------------------------------------------------------+
| EmployeeID | Name                     | Position     | Salary | Remarks                                                                 |
+------------+--------------------------+--------------+--------+-------------------------------------------------------------------------+
|          1 | Phillip J. Fry           | Delivery boy |   7500 | Not to be confused with the Philip J. Fry from Hovering Squid World 97a |
|          2 | Turanga Leela            | Captain      |  10000 | NULL                                                                    |
|          3 | Bender Bending Rodriguez | Robot        |   7500 | NULL                                                                    |
|          4 | Hubert J. Farnsworth     | CEO          |  20000 | NULL                                                                    |
|          5 | John A. Zoidberg         | Physician    |     25 | NULL                                                                    |
|          6 | Amy Wong                 | Intern       |   5000 | NULL                                                                    |
|          7 | Hermes Conrad            | Bureaucrat   |  10000 | NULL                                                                    |
|          8 | Scruffy Scruffington     | Janitor      |   5000 | NULL                                                                    |
+------------+--------------------------+--------------+--------+-------------------------------------------------------------------------+
8 rows in set (0.00 sec)

MariaDB [examc0719544]> select * from has_clearance;
+----------+--------+-------+
| Employee | Planet | Level |
+----------+--------+-------+
|        1 |      1 |     2 |
|        1 |      2 |     3 |
|        2 |      3 |     2 |
|        2 |      4 |     4 |
|        3 |      5 |     2 |
|        3 |      6 |     4 |
|        4 |      7 |     1 |
+----------+--------+-------+
7 rows in set (0.00 sec)

MariaDB [examc0719544]> select * from package;
+----------+---------------+-------------------+--------+--------+-----------+
| Shipment | PackageNumber | Contents          | Weight | Sender | Recipient |
+----------+---------------+-------------------+--------+--------+-----------+
|        1 |             1 | Undeclared        |   1.50 |      1 |         2 |
|        2 |             1 | Undeclared        |  10.00 |      2 |         3 |
|        2 |             2 | A bucket of krill |   2.00 |      8 |         7 |
|        3 |             1 | Undeclared        |  15.00 |      3 |         4 |
|        3 |             2 | Undeclared        |   3.00 |      5 |         1 |
|        3 |             3 | Undeclared        |   7.00 |      2 |         3 |
|        4 |             1 | Undeclared        |   5.00 |      4 |         5 |
|        4 |             2 | Undeclared        |  27.00 |      1 |         2 |
|        5 |             1 | Undeclared        | 100.00 |      5 |         1 |
+----------+---------------+-------------------+--------+--------+-----------+
9 rows in set (0.00 sec)

MariaDB [examc0719544]> select * from planet;
+----------+------------------+------------------+
| PlanetID | Name             | Coordinates      |
+----------+------------------+------------------+
|        1 | Omicron Persei 8 |    89475345.3545 |
|        2 | Decapod X        | 65498463216.3466 |
|        3 | Mars             |   32435021.65468 |
|        4 | Omega III        |    98432121.5464 |
|        5 | Tarantulon VI    | 849842198.354654 |
|        6 | Cannibalon       |  654321987.21654 |
|        7 | DogDoo VII       |  65498721354.688 |
|        8 | Nintenduu 64     |  6543219894.1654 |
|        9 | Amazonia         | 65432135979.6547 |
+----------+------------------+------------------+
9 rows in set (0.02 sec)

MariaDB [examc0719544]> select * from shipment;
+------------+--------------+---------+--------+
| ShipmentID | ShipmentDate | Manager | Planet |
+------------+--------------+---------+--------+
|          1 | 3004-05-11   |       1 |      1 |
|          2 | 3004-05-11   |       1 |      2 |
|          3 | NULL         |       2 |      3 |
|          4 | NULL         |       2 |      4 |
|          5 | NULL         |       7 |      5 |
+------------+--------------+---------+--------+
5 rows in set (0.00 sec)

MariaDB [examc0719544]> select * from employee e inner join shipment s on e.EMPLOYEEID=S.MANAGER where name ="turanga leela";
+------------+---------------+----------+--------+---------+------------+--------------+---------+--------+
| EmployeeID | Name          | Position | Salary | Remarks | ShipmentID | ShipmentDate | Manager | Planet |
+------------+---------------+----------+--------+---------+------------+--------------+---------+--------+
|          2 | Turanga Leela | Captain  |  10000 | NULL    |          3 | NULL         |       2 |      3 |
|          2 | Turanga Leela | Captain  |  10000 | NULL    |          4 | NULL         |       2 |      4 |
+------------+---------------+----------+--------+---------+------------+--------------+---------+--------+
2 rows in set (0.00 sec)

MariaDB [examc0719544]> create view v1 as select * from employee e inner join shipment s on e.EMPLOYEEID=S.MANAGER where name ="turanga leela";
Query OK, 0 rows affected (0.06 sec)

MariaDB [examc0719544]> select * from v1;
+------------+---------------+----------+--------+---------+------------+--------------+---------+--------+
| EmployeeID | Name          | Position | Salary | Remarks | ShipmentID | ShipmentDate | Manager | Planet |
+------------+---------------+----------+--------+---------+------------+--------------+---------+--------+
|          2 | Turanga Leela | Captain  |  10000 | NULL    |          3 | NULL         |       2 |      3 |
|          2 | Turanga Leela | Captain  |  10000 | NULL    |          4 | NULL         |       2 |      4 |
+------------+---------------+----------+--------+---------+------------+--------------+---------+--------+
2 rows in set (0.00 sec)

MariaDB [examc0719544]> select * from package where receipt in(1,5,6);
ERROR 1054 (42S22): Unknown column 'receipt' in 'where clause'
MariaDB [examc0719544]> select * from package where recipient in(1,5,6);
+----------+---------------+------------+--------+--------+-----------+
| Shipment | PackageNumber | Contents   | Weight | Sender | Recipient |
+----------+---------------+------------+--------+--------+-----------+
|        3 |             2 | Undeclared |   3.00 |      5 |         1 |
|        4 |             1 | Undeclared |   5.00 |      4 |         5 |
|        5 |             1 | Undeclared | 100.00 |      5 |         1 |
+----------+---------------+------------+--------+--------+-----------+
3 rows in set (0.00 sec)

MariaDB [examc0719544]> create view v2 as select * from package where recipient in(1,5,6);
Query OK, 0 rows affected (0.06 sec)

MariaDB [examc0719544]>  select * from v2;
+----------+---------------+------------+--------+--------+-----------+
| Shipment | PackageNumber | Contents   | Weight | Sender | Recipient |
+----------+---------------+------------+--------+--------+-----------+
|        3 |             2 | Undeclared |   3.00 |      5 |         1 |
|        4 |             1 | Undeclared |   5.00 |      4 |         5 |
|        5 |             1 | Undeclared | 100.00 |      5 |         1 |
+----------+---------------+------------+--------+--------+-----------+
3 rows in set (0.00 sec)

MariaDB [examc0719544]> select e.name,p.planet from employee e INNER JOIN has_clearance h ON e.employeeid=h.employee INNER JOIN planet p on h.planet=p.planetid;
ERROR 1054 (42S22): Unknown column 'p.planet' in 'field list'
MariaDB [examc0719544]> select e.name,p.planetid from employee e INNER JOIN has_clearance h ON e.employeeid=h.employee INNER JOIN planet p on h.planet=p.planetid;
+--------------------------+----------+
| name                     | planetid |
+--------------------------+----------+
| Phillip J. Fry           |        1 |
| Phillip J. Fry           |        2 |
| Turanga Leela            |        3 |
| Turanga Leela            |        4 |
| Bender Bending Rodriguez |        5 |
| Bender Bending Rodriguez |        6 |
| Hubert J. Farnsworth     |        7 |
+--------------------------+----------+
7 rows in set (0.00 sec)

MariaDB [examc0719544]> create v3 as select e.name,p.planetid from employee e INNER JOIN has_clearance h ON e.employeeid=h.employee INNER JOIN planet p on h.planet=p.planetid;
ERROR 1064 (42000): You have an error in your SQL syntax; check the manual that corresponds to your MariaDB server version for the right syntax to use near 'v3 as select e.name,p.planetid from employee e INNER JOIN has_clearance h ON e.e' at line 1
MariaDB [examc0719544]> create view v3 as select e.name,p.planetid from employee e INNER JOIN has_clearance h ON e.employeeid=h.employee INNER JOIN planet p on h.planet=p.planetid;
Query OK, 0 rows affected (0.09 sec)

MariaDB [examc0719544]> select * from v3;
+--------------------------+----------+
| name                     | planetid |
+--------------------------+----------+
| Phillip J. Fry           |        1 |
| Phillip J. Fry           |        2 |
| Turanga Leela            |        3 |
| Turanga Leela            |        4 |
| Bender Bending Rodriguez |        5 |
| Bender Bending Rodriguez |        6 |
| Hubert J. Farnsworth     |        7 |
+--------------------------+----------+
7 rows in set (0.00 sec)

MariaDB [examc0719544]> select s.shipmentdate,p.sender,p.recipient from shipment s INNER JOIN package p on s.shipmentid=p.shipment where weight between 5 and 10;
+--------------+--------+-----------+
| shipmentdate | sender | recipient |
+--------------+--------+-----------+
| 3004-05-11   |      2 |         3 |
| NULL         |      2 |         3 |
| NULL         |      4 |         5 |
+--------------+--------+-----------+
3 rows in set (0.00 sec)

MariaDB [examc0719544]> create view v4 select s.shipmentdate,p.sender,p.recipient from shipment s INNER JOIN package p on s.shipmentid=p.shipment where weight between 5 and 10;
ERROR 1064 (42000): You have an error in your SQL syntax; check the manual that corresponds to your MariaDB server version for the right syntax to use near 'select s.shipmentdate,p.sender,p.recipient from shipment s INNER JOIN package p ' at line 1
MariaDB [examc0719544]> select * from v4;
ERROR 1146 (42S02): Table 'examc0719544.v4' doesn't exist
MariaDB [examc0719544]> create view as v4 select s.shipmentdate,p.sender,p.recipient from shipment s INNER JOIN package p on s.shipmentid=p.shipment where weight between 5 and 10;
ERROR 1064 (42000): You have an error in your SQL syntax; check the manual that corresponds to your MariaDB server version for the right syntax to use near 'as v4 select s.shipmentdate,p.sender,p.recipient from shipment s INNER JOIN pack' at line 1
MariaDB [examc0719544]> create view  v4 as select s.shipmentdate,p.sender,p.recipient from shipment s INNER JOIN package p on s.shipmentid=p.shipment where weight between 5 and 10;
Query OK, 0 rows affected (0.05 sec)

MariaDB [examc0719544]> select * from v4;
+--------------+--------+-----------+
| shipmentdate | sender | recipient |
+--------------+--------+-----------+
| 3004-05-11   |      2 |         3 |
| NULL         |      2 |         3 |
| NULL         |      4 |         5 |
+--------------+--------+-----------+
3 rows in set (0.00 sec)

MariaDB [examc0719544]> select * from  shipment s INNER JOIN planet p ON s.planet=p.planetid where name ='mars' or 'Amazonia';
+------------+--------------+---------+--------+----------+------+----------------+
| ShipmentID | ShipmentDate | Manager | Planet | PlanetID | Name | Coordinates    |
+------------+--------------+---------+--------+----------+------+----------------+
|          3 | NULL         |       2 |      3 |        3 | Mars | 32435021.65468 |
+------------+--------------+---------+--------+----------+------+----------------+
1 row in set, 4 warnings (0.00 sec)

MariaDB [examc0719544]> create view v5 as select * from  shipment s INNER JOIN planet p ON s.planet=p.planetid where name ='mars' or 'Amazonia';
Query OK, 0 rows affected, 1 warning (0.09 sec)

MariaDB [examc0719544]> select * from v5;
+------------+--------------+---------+--------+----------+------+----------------+
| ShipmentID | ShipmentDate | Manager | Planet | PlanetID | Name | Coordinates    |
+------------+--------------+---------+--------+----------+------+----------------+
|          3 | NULL         |       2 |      3 |        3 | Mars | 32435021.65468 |
+------------+--------------+---------+--------+----------+------+----------------+
1 row in set, 6 warnings (0.00 sec)

MariaDB [examc0719544]> select c.name from client c INNER JPOIN package p ON c.account number=p.sender where content = 'undeclared';;
ERROR 1064 (42000): You have an error in your SQL syntax; check the manual that corresponds to your MariaDB server version for the right syntax to use near 'JPOIN package p ON c.account number=p.sender where content = 'undeclared'' at line 1
ERROR: No query specified

MariaDB [examc0719544]> select c.name from client c INNER JOIN package p ON c.account number=p.sender where content = 'undeclared';;
ERROR 1064 (42000): You have an error in your SQL syntax; check the manual that corresponds to your MariaDB server version for the right syntax to use near 'number=p.sender where content = 'undeclared'' at line 1
ERROR: No query specified

MariaDB [examc0719544]> select c.name from client c INNER JOIN package p ON c.accountnumber=p.sender where contents='undeclared';
+-----------------+
| name            |
+-----------------+
| Zapp Brannigan  |
| Al Gore's Head  |
| Barbados Slim   |
| Leo Wong        |
| Al Gore's Head  |
| Ogden Wernstrom |
| Zapp Brannigan  |
| Leo Wong        |
+-----------------+
8 rows in set (0.00 sec)

MariaDB [examc0719544]> create view v6 as select c.name from client c INNER JOIN package p ON c.accountnumber=p.sender where contents='undeclared';
Query OK, 0 rows affected (0.05 sec)

MariaDB [examc0719544]> select * from v6;
+-----------------+
| name            |
+-----------------+
| Zapp Brannigan  |
| Al Gore's Head  |
| Barbados Slim   |
| Leo Wong        |
| Al Gore's Head  |
| Ogden Wernstrom |
| Zapp Brannigan  |
| Leo Wong        |
+-----------------+
8 rows in set (0.00 sec)

MariaDB [examc0719544]> select name,contact('$','salary) from employee;
    '> ;
    '> ;
    '> '
    -> '
    '> "
    '> '
    -> /
    -> //
    -> ''
    -> ';
    '> '''
    -> ''
    -> '';
ERROR 1064 (42000): You have an error in your SQL syntax; check the manual that corresponds to your MariaDB server version for the right syntax to use near '//
''
';
'''
''
''' at line 4
MariaDB [examc0719544]> select name,contact('$','salary') from employee;
ERROR 1305 (42000): FUNCTION examc0719544.contact does not exist
MariaDB [examc0719544]> select *,CONTACT('$,SALARY)from employee;
    '> '';
    '> ';
ERROR 1064 (42000): You have an error in your SQL syntax; check the manual that corresponds to your MariaDB server version for the right syntax to use near '' at line 1
MariaDB [examc0719544]> select *,CONTACT('$',SALARY)from employee;
ERROR 1305 (42000): FUNCTION examc0719544.CONTACT does not exist
MariaDB [examc0719544]> select *,CONCAT('$',SALARY)from employee;
+------------+--------------------------+--------------+--------+-------------------------------------------------------------------------+--------------------+
| EmployeeID | Name                     | Position     | Salary | Remarks                                                                 | CONCAT('$',SALARY) |
+------------+--------------------------+--------------+--------+-------------------------------------------------------------------------+--------------------+
|          1 | Phillip J. Fry           | Delivery boy |   7500 | Not to be confused with the Philip J. Fry from Hovering Squid World 97a | $7500              |
|          2 | Turanga Leela            | Captain      |  10000 | NULL                                                                    | $10000             |
|          3 | Bender Bending Rodriguez | Robot        |   7500 | NULL                                                                    | $7500              |
|          4 | Hubert J. Farnsworth     | CEO          |  20000 | NULL                                                                    | $20000             |
|          5 | John A. Zoidberg         | Physician    |     25 | NULL                                                                    | $25                |
|          6 | Amy Wong                 | Intern       |   5000 | NULL                                                                    | $5000              |
|          7 | Hermes Conrad            | Bureaucrat   |  10000 | NULL                                                                    | $10000             |
|          8 | Scruffy Scruffington     | Janitor      |   5000 | NULL                                                                    | $5000              |
+------------+--------------------------+--------------+--------+-------------------------------------------------------------------------+--------------------+
8 rows in set (0.00 sec)

MariaDB [examc0719544]> UPDATE EMPLOYEE SET REMARKS='GOOD WORKERS' WHERE REMARKS='NULL';
Query OK, 0 rows affected (0.00 sec)
Rows matched: 0  Changed: 0  Warnings: 0

MariaDB [examc0719544]> SELECT * FROM EMPLOYEE;
+------------+--------------------------+--------------+--------+-------------------------------------------------------------------------+
| EmployeeID | Name                     | Position     | Salary | Remarks                                                                 |
+------------+--------------------------+--------------+--------+-------------------------------------------------------------------------+
|          1 | Phillip J. Fry           | Delivery boy |   7500 | Not to be confused with the Philip J. Fry from Hovering Squid World 97a |
|          2 | Turanga Leela            | Captain      |  10000 | NULL                                                                    |
|          3 | Bender Bending Rodriguez | Robot        |   7500 | NULL                                                                    |
|          4 | Hubert J. Farnsworth     | CEO          |  20000 | NULL                                                                    |
|          5 | John A. Zoidberg         | Physician    |     25 | NULL                                                                    |
|          6 | Amy Wong                 | Intern       |   5000 | NULL                                                                    |
|          7 | Hermes Conrad            | Bureaucrat   |  10000 | NULL                                                                    |
|          8 | Scruffy Scruffington     | Janitor      |   5000 | NULL                                                                    |
+------------+--------------------------+--------------+--------+-------------------------------------------------------------------------+
8 rows in set (0.00 sec)

MariaDB [examc0719544]> UPDATE EMPLOYEE SET REMARKS='GOOD WORKERS' WHERE EMPLOYEEID='2';
Query OK, 1 row affected (0.05 sec)
Rows matched: 1  Changed: 1  Warnings: 0

MariaDB [examc0719544]> SELECT * FROM EMPLOYEES;
ERROR 1146 (42S02): Table 'examc0719544.employees' doesn't exist
MariaDB [examc0719544]> SELECT * FROM EMPLOYEE;
+------------+--------------------------+--------------+--------+-------------------------------------------------------------------------+
| EmployeeID | Name                     | Position     | Salary | Remarks                                                                 |
+------------+--------------------------+--------------+--------+-------------------------------------------------------------------------+
|          1 | Phillip J. Fry           | Delivery boy |   7500 | Not to be confused with the Philip J. Fry from Hovering Squid World 97a |
|          2 | Turanga Leela            | Captain      |  10000 | GOOD WORKERS                                                            |
|          3 | Bender Bending Rodriguez | Robot        |   7500 | NULL                                                                    |
|          4 | Hubert J. Farnsworth     | CEO          |  20000 | NULL                                                                    |
|          5 | John A. Zoidberg         | Physician    |     25 | NULL                                                                    |
|          6 | Amy Wong                 | Intern       |   5000 | NULL                                                                    |
|          7 | Hermes Conrad            | Bureaucrat   |  10000 | NULL                                                                    |
|          8 | Scruffy Scruffington     | Janitor      |   5000 | NULL                                                                    |
+------------+--------------------------+--------------+--------+-------------------------------------------------------------------------+
8 rows in set (0.00 sec)

MariaDB [examc0719544]> UPDATE EMPLOYEE SET REMARKS='GOOD WORKERS' WHERE EMPLOYEEID='3';
Query OK, 1 row affected (0.06 sec)
Rows matched: 1  Changed: 1  Warnings: 0

MariaDB [examc0719544]> UPDATE EMPLOYEE SET REMARKS='GOOD WORKERS' WHERE EMPLOYEEID='4';
Query OK, 1 row affected (0.08 sec)
Rows matched: 1  Changed: 1  Warnings: 0

MariaDB [examc0719544]> UPDATE EMPLOYEE SET REMARKS='GOOD WORKERS' WHERE EMPLOYEEID='5';
Query OK, 1 row affected (0.05 sec)
Rows matched: 1  Changed: 1  Warnings: 0

MariaDB [examc0719544]> UPDATE EMPLOYEE SET REMARKS='GOOD WORKERS' WHERE EMPLOYEEID='6';
Query OK, 1 row affected (0.08 sec)
Rows matched: 1  Changed: 1  Warnings: 0

MariaDB [examc0719544]> UPDATE EMPLOYEE SET REMARKS='GOOD WORKERS' WHERE EMPLOYEEID='7';
Query OK, 1 row affected (0.08 sec)
Rows matched: 1  Changed: 1  Warnings: 0

MariaDB [examc0719544]> UPDATE EMPLOYEE SET REMARKS='GOOD WORKERS' WHERE EMPLOYEEID='8';
Query OK, 1 row affected (0.08 sec)
Rows matched: 1  Changed: 1  Warnings: 0

MariaDB [examc0719544]> SELECT * FROM EMPLOYEE;
+------------+--------------------------+--------------+--------+-------------------------------------------------------------------------+
| EmployeeID | Name                     | Position     | Salary | Remarks                                                                 |
+------------+--------------------------+--------------+--------+-------------------------------------------------------------------------+
|          1 | Phillip J. Fry           | Delivery boy |   7500 | Not to be confused with the Philip J. Fry from Hovering Squid World 97a |
|          2 | Turanga Leela            | Captain      |  10000 | GOOD WORKERS                                                            |
|          3 | Bender Bending Rodriguez | Robot        |   7500 | GOOD WORKERS                                                            |
|          4 | Hubert J. Farnsworth     | CEO          |  20000 | GOOD WORKERS                                                            |
|          5 | John A. Zoidberg         | Physician    |     25 | GOOD WORKERS                                                            |
|          6 | Amy Wong                 | Intern       |   5000 | GOOD WORKERS                                                            |
|          7 | Hermes Conrad            | Bureaucrat   |  10000 | GOOD WORKERS                                                            |
|          8 | Scruffy Scruffington     | Janitor      |   5000 | GOOD WORKERS                                                            |
+------------+--------------------------+--------------+--------+-------------------------------------------------------------------------+
8 rows in set (0.00 sec)

MariaDB [examc0719544]> SELECT NAME ,CONCAT(NAME,'is adelivery boy and earns $'salary,'per month') from people;
ERROR 1583 (42000): Incorrect parameters in the call to native function 'CONCAT'
MariaDB [examc0719544]> SELECT NAME ,CONCAT(NAME,'is a delivery boy and earns $',salary,'per month') from employee;
+--------------------------+--------------------------------------------------------------------+
| NAME                     | CONCAT(NAME,'is a delivery boy and earns $',salary,'per month')    |
+--------------------------+--------------------------------------------------------------------+
| Phillip J. Fry           | Phillip J. Fryis a delivery boy and earns $7500per month           |
| Turanga Leela            | Turanga Leelais a delivery boy and earns $10000per month           |
| Bender Bending Rodriguez | Bender Bending Rodriguezis a delivery boy and earns $7500per month |
| Hubert J. Farnsworth     | Hubert J. Farnsworthis a delivery boy and earns $20000per month    |
| John A. Zoidberg         | John A. Zoidbergis a delivery boy and earns $25per month           |
| Amy Wong                 | Amy Wongis a delivery boy and earns $5000per month                 |
| Hermes Conrad            | Hermes Conradis a delivery boy and earns $10000per month           |
| Scruffy Scruffington     | Scruffy Scruffingtonis a delivery boy and earns $5000per month     |
+--------------------------+--------------------------------------------------------------------+
8 rows in set (0.00 sec)

MariaDB [examc0719544]> create view v8 as SELECT NAME ,CONCAT(NAME,'is a delivery boy and earns $',salary,'per month') from employee;
Query OK, 0 rows affected (0.06 sec)

MariaDB [examc0719544]> select * from v8;
+--------------------------+--------------------------------------------------------------------+
| NAME                     | CONCAT(NAME,'is a delivery boy and earns $',salary,'per month')    |
+--------------------------+--------------------------------------------------------------------+
| Phillip J. Fry           | Phillip J. Fryis a delivery boy and earns $7500per month           |
| Turanga Leela            | Turanga Leelais a delivery boy and earns $10000per month           |
| Bender Bending Rodriguez | Bender Bending Rodriguezis a delivery boy and earns $7500per month |
| Hubert J. Farnsworth     | Hubert J. Farnsworthis a delivery boy and earns $20000per month    |
| John A. Zoidberg         | John A. Zoidbergis a delivery boy and earns $25per month           |
| Amy Wong                 | Amy Wongis a delivery boy and earns $5000per month                 |
| Hermes Conrad            | Hermes Conradis a delivery boy and earns $10000per month           |
| Scruffy Scruffington     | Scruffy Scruffingtonis a delivery boy and earns $5000per month     |
+--------------------------+--------------------------------------------------------------------+
8 rows in set (0.00 sec)

